task1 test is ok

task 2 done, have not tested yet
tested
everything is ok






